// Vitest Snapshot v1

exports[`<NewStories /> > renders correctly 1`] = `
{
  "asFragment": [Function],
  "baseElement": <body>
    <div>
      <div
        class="flex-grow flex-shrink-0 md:w-96 bg-black p-5"
      >
        <h1
          class="text-4xl font-bold text-orange-300 mb-5"
        >
          New
        </h1>
        <div
          class="text-white my-5 md:my-10"
        >
          <a
            class="text-xl font-bold cursor-pointer hover:text-orange-500"
            href="#"
          >
            Hydrogen Vs Electric Cars
          </a>
          <p
            class="text-sm my-2 text-gray-400"
          >
            Will hydrogen-fueled cars ever catch up to EVs?
          </p>
        </div>
        <div
          class="border-b-2 border-gray-600"
        />
        <div
          class="text-white my-5 md:my-10"
        >
          <a
            class="text-xl font-bold cursor-pointer hover:text-orange-500"
            href="#"
          >
            The Downsides of AI Artistry
          </a>
          <p
            class="text-sm my-2 text-gray-400"
          >
            What are the possible adverse affects of on-demand AI image generation?
          </p>
        </div>
        <div
          class="border-b-2 border-gray-600"
        />
        <div
          class="text-white my-5 md:my-10"
        >
          <a
            class="text-xl font-bold cursor-pointer hover:text-orange-500"
            href="#"
          >
            Is VC Funding Drying Up
          </a>
          <p
            class="text-sm my-2 text-gray-400"
          >
            Private funding by VC firms is down 50% YOY. We take a look at what that means.
          </p>
        </div>
      </div>
    </div>
  </body>,
  "container": <div>
    <div
      class="flex-grow flex-shrink-0 md:w-96 bg-black p-5"
    >
      <h1
        class="text-4xl font-bold text-orange-300 mb-5"
      >
        New
      </h1>
      <div
        class="text-white my-5 md:my-10"
      >
        <a
          class="text-xl font-bold cursor-pointer hover:text-orange-500"
          href="#"
        >
          Hydrogen Vs Electric Cars
        </a>
        <p
          class="text-sm my-2 text-gray-400"
        >
          Will hydrogen-fueled cars ever catch up to EVs?
        </p>
      </div>
      <div
        class="border-b-2 border-gray-600"
      />
      <div
        class="text-white my-5 md:my-10"
      >
        <a
          class="text-xl font-bold cursor-pointer hover:text-orange-500"
          href="#"
        >
          The Downsides of AI Artistry
        </a>
        <p
          class="text-sm my-2 text-gray-400"
        >
          What are the possible adverse affects of on-demand AI image generation?
        </p>
      </div>
      <div
        class="border-b-2 border-gray-600"
      />
      <div
        class="text-white my-5 md:my-10"
      >
        <a
          class="text-xl font-bold cursor-pointer hover:text-orange-500"
          href="#"
        >
          Is VC Funding Drying Up
        </a>
        <p
          class="text-sm my-2 text-gray-400"
        >
          Private funding by VC firms is down 50% YOY. We take a look at what that means.
        </p>
      </div>
    </div>
  </div>,
  "debug": [Function],
  "findAllByAltText": [Function],
  "findAllByDisplayValue": [Function],
  "findAllByLabelText": [Function],
  "findAllByPlaceholderText": [Function],
  "findAllByRole": [Function],
  "findAllByTestId": [Function],
  "findAllByText": [Function],
  "findAllByTitle": [Function],
  "findByAltText": [Function],
  "findByDisplayValue": [Function],
  "findByLabelText": [Function],
  "findByPlaceholderText": [Function],
  "findByRole": [Function],
  "findByTestId": [Function],
  "findByText": [Function],
  "findByTitle": [Function],
  "getAllByAltText": [Function],
  "getAllByDisplayValue": [Function],
  "getAllByLabelText": [Function],
  "getAllByPlaceholderText": [Function],
  "getAllByRole": [Function],
  "getAllByTestId": [Function],
  "getAllByText": [Function],
  "getAllByTitle": [Function],
  "getByAltText": [Function],
  "getByDisplayValue": [Function],
  "getByLabelText": [Function],
  "getByPlaceholderText": [Function],
  "getByRole": [Function],
  "getByTestId": [Function],
  "getByText": [Function],
  "getByTitle": [Function],
  "queryAllByAltText": [Function],
  "queryAllByDisplayValue": [Function],
  "queryAllByLabelText": [Function],
  "queryAllByPlaceholderText": [Function],
  "queryAllByRole": [Function],
  "queryAllByTestId": [Function],
  "queryAllByText": [Function],
  "queryAllByTitle": [Function],
  "queryByAltText": [Function],
  "queryByDisplayValue": [Function],
  "queryByLabelText": [Function],
  "queryByPlaceholderText": [Function],
  "queryByRole": [Function],
  "queryByTestId": [Function],
  "queryByText": [Function],
  "queryByTitle": [Function],
  "rerender": [Function],
  "unmount": [Function],
}
`;
